
> restaurant-pos@0.1.0 build
> next build

node.exe : Γ¿» Failed 
to load 
next.config.ts, see 
more info here https:/
/nextjs.org/docs/messa
ges/next-config-error
At line:1 char:1
+ & "C:\Program Files\
nodejs/node.exe" 
"C:\Program 
Files\nodejs/node_mo 
...
+ ~~~~~~~~~~~~~~~~~~~~
~~~~~~~~~~~~~~~~~~~~~~
~~~~~~~~~~~~~~~~~~~~~~
~~~~~
    + CategoryInfo    
          : NotSpeci  
  fied: (Γ¿» Failed   
  to l...xt-config    
-error:String) []    
, RemoteException
    + FullyQualifiedE 
   rrorId : NativeCo  
  mmandError
 

> Build error occurred
Error: Cannot find 
module 'next-pwa'
Require stack:
- C:\Users\sickm\.gemi
ni\antigravity\scratch
\restaurant-pos\next.c
onfig.compiled.js
- C:\Users\sickm\.gemi
ni\antigravity\scratch
\restaurant-pos\node_m
odules\next\dist\build
\next-config-ts\transp
ile-config.js
- C:\Users\sickm\.gemi
ni\antigravity\scratch
\restaurant-pos\node_m
odules\next\dist\serve
r\config.js
- C:\Users\sickm\.gemi
ni\antigravity\scratch
\restaurant-pos\node_m
odules\next\dist\cli\n
ext-test.js
- C:\Users\sickm\.gemi
ni\antigravity\scratch
\restaurant-pos\node_m
odules\next\dist\bin\n
ext
    at ignore-listed 
frames {
  code: 
'MODULE_NOT_FOUND',
  requireStack: 
[Array]
}
