.next/dev/types/validator.ts(171,31): error TS2344: Type 'typeof import("C:/Users/sickm/.gemini/antigravity/scratch/restaurant-pos/src/app/api/admin/floors/[id]/route")' does not satisfy the constraint 'RouteHandlerConfig<"/api/admin/floors/[id]">'.
  Types of property 'DELETE' are incompatible.
    Type '(request: Request, { params }: { params: { id: string; }; }) => Promise<NextResponse<{ success: boolean; }> | NextResponse<{ error: string; }>>' is not assignable to type '(request: NextRequest, context: { params: Promise<{ id: string; }>; }) => void | Response | Promise<void | Response>'.
      Types of parameters '__1' and 'context' are incompatible.
        Type '{ params: Promise<{ id: string; }>; }' is not assignable to type '{ params: { id: string; }; }'.
          Types of property 'params' are incompatible.
            Property 'id' is missing in type 'Promise<{ id: string; }>' but required in type '{ id: string; }'.
.next/types/validator.ts(171,31): error TS2344: Type 'typeof import("C:/Users/sickm/.gemini/antigravity/scratch/restaurant-pos/src/app/api/admin/floors/[id]/route")' does not satisfy the constraint 'RouteHandlerConfig<"/api/admin/floors/[id]">'.
  Types of property 'DELETE' are incompatible.
    Type '(request: Request, { params }: { params: { id: string; }; }) => Promise<NextResponse<{ success: boolean; }> | NextResponse<{ error: string; }>>' is not assignable to type '(request: NextRequest, context: { params: Promise<{ id: string; }>; }) => void | Response | Promise<void | Response>'.
      Types of parameters '__1' and 'context' are incompatible.
        Type '{ params: Promise<{ id: string; }>; }' is not assignable to type '{ params: { id: string; }; }'.
          Types of property 'params' are incompatible.
            Property 'id' is missing in type 'Promise<{ id: string; }>' but required in type '{ id: string; }'.
next.config.ts(2,25): error TS7016: Could not find a declaration file for module 'next-pwa'. 'C:/Users/sickm/.gemini/antigravity/scratch/restaurant-pos/node_modules/next-pwa/index.js' implicitly has an 'any' type.
  Try `npm i --save-dev @types/next-pwa` if it exists or add a new declaration (.d.ts) file containing `declare module 'next-pwa';`
src/components/auth/ProtectedRoute.tsx(24,29): error TS2367: This comparison appears to be unintentional because the types '"cashier"' and '"admin"' have no overlap.
